********************************************************************************
MSP430 Hex Converter                                                      v4.4.7
********************************************************************************

INPUT FILE NAME: <tea_temp.out>
OUTPUT FORMAT:   TI-TXT

PHYSICAL MEMORY PARAMETERS
   Default data width   :   8
   Default memory width :   8
   Default output width :   8


OUTPUT TRANSLATION MAP
--------------------------------------------------------------------------------
00000000..000fffff  Page=0  Memory Width=8  ROM Width=8
--------------------------------------------------------------------------------
   OUTPUT FILES: tea_temp.txt [b0..b7]

   CONTENTS: 00004400..00004487   tea_temp.out(.text:_isr)
             00004488..00008bbd   tea_temp.out(.text)
             00008bbe..00008d3f   tea_temp.out(.const)
             00008d40..00008dd7   tea_temp.out(.cinit)
             0000ffd2..0000ffd3   tea_temp.out(RTC)
             0000ffd4..0000ffd5   tea_temp.out(PORT2)
             0000ffd6..0000ffd7   tea_temp.out(TIMER2_A1)
             0000ffd8..0000ffd9   tea_temp.out(TIMER2_A0)
             0000ffda..0000ffdb   tea_temp.out(USCI_B1)
             0000ffdc..0000ffdd   tea_temp.out(USCI_A1)
             0000ffde..0000ffdf   tea_temp.out(PORT1)
             0000ffe0..0000ffe1   tea_temp.out(TIMER1_A1)
             0000ffe2..0000ffe3   tea_temp.out(TIMER1_A0)
             0000ffe4..0000ffe5   tea_temp.out(DMA)
             0000ffe6..0000ffe7   tea_temp.out(USB_UBM)
             0000ffe8..0000ffe9   tea_temp.out(TIMER0_A1)
             0000ffea..0000ffeb   tea_temp.out(TIMER0_A0)
             0000ffec..0000ffed   tea_temp.out(ADC12)
             0000ffee..0000ffef   tea_temp.out(USCI_B0)
             0000fff0..0000fff1   tea_temp.out(USCI_A0)
             0000fff2..0000fff3   tea_temp.out(WDT)
             0000fff4..0000fff5   tea_temp.out(TIMER0_B1)
             0000fff6..0000fff7   tea_temp.out(TIMER0_B0)
             0000fff8..0000fff9   tea_temp.out(COMP_B)
             0000fffa..0000fffb   tea_temp.out(UNMI)
             0000fffc..0000fffd   tea_temp.out(SYSNMI)
             0000fffe..0000ffff   tea_temp.out(.reset)
